Microchip MPLAB XC8 Compiler V2.32

Linker command line:

-W-3 --edf=C:\Program Files\Microchip\xc8\v2.32\pic\dat\en_msgs.txt -cn \
  -h+dist/default/production\mini-proj-yiweichay.X.production.sym \
  --cmf=dist/default/production\mini-proj-yiweichay.X.production.cmf -z \
  -Q18F67K40 -oC:\Users\cyiwe\AppData\Local\Temp\xcAs13vs.4 \
  --defsym=__MPLAB_BUILD=1 \
  -Mdist/default/production/mini-proj-yiweichay.X.production.map -E1 \
  -ver=XC8 Compiler --acfsm=1493 -ASTACK=060h-0DE9h -pstack=STACK \
  -ACODE=00h-01FFFFh -ACONST=00h-01FFFFh -ASMALLCONST=0E00h-0EFFhx498 \
  -AMEDIUMCONST=0E00h-0FFFFh,010E00h-01FFFFh -ACOMRAM=01h-05Fh \
  -AABS1=00h-0DE9h -ABIGRAM=01h-0DE9h \
  -ARAM=060h-0FFh,0100h-01FFhx12,0D00h-0DE9h -ABANK0=060h-0FFh \
  -ABANK1=0100h-01FFh -ABANK2=0200h-02FFh -ABANK3=0300h-03FFh \
  -ABANK4=0400h-04FFh -ABANK5=0500h-05FFh -ABANK6=0600h-06FFh \
  -ABANK7=0700h-07FFh -ABANK8=0800h-08FFh -ABANK9=0900h-09FFh \
  -ABANK10=0A00h-0AFFh -ABANK11=0B00h-0BFFh -ABANK12=0C00h-0CFFh \
  -ABANK13=0D00h-0DE9h \
  -ASFR=0DEFh-0DFFh,0E00h-0EFFh,0F00h-0F5Fh,0F60h-0FFFh \
  -ACONFIG=0300000h-030000Bh -AIDLOC=0200000h-020000Fh \
  -AEEDATA=0310000h-03103FFh -peeprom_data=EEDATA \
  -preset_vec=00h,intcode=08h,intcodelo,powerup,init -pramtop=0E00h \
  -psmallconst=SMALLCONST -pmediumconst=MEDIUMCONST -pconst=CONST \
  -AFARRAM=00h-00h \
  -prdata=COMRAM,nvrram=COMRAM,nvbit=COMRAM,rbss=COMRAM,rbit=COMRAM \
  -pfarbss=FARRAM,fardata=FARRAM,nvFARRAM=FARRAM \
  -pintsave_regs=BIGRAM,bigbss=BIGRAM,bigdata=BIGRAM -pbss=RAM \
  -pidata=CODE,irdata=CODE,ibigdata=CODE,ifardata=CODE -prparam=COMRAM \
  C:\Users\cyiwe\AppData\Local\Temp\xcAs13vs.o \
  dist/default/production\mini-proj-yiweichay.X.production.o 

Object code version is 3.11

Machine type is 18F67K40



                Name                               Link     Load   Length Selector   Space Scale
C:\Users\cyiwe\AppData\Local\Temp\xcAs13vs.o
                idloc                            200000   200000       10        0       5
                config                           300000   300000        C        0       4
                init                                 4E       4E        4        4       0
                reset_vec                             0        0        4        0       0
dist/default/production\mini-proj-yiweichay.X.production.o
                intcode                               8        8       46        4       0
                idloc                            200000   200000       10        0       5
                config                           300000   300000        C        0       4
                temp                                  8        8        1        1       1
                text5                                A6       A6       30        4       0
                text4                                D6       D6       1A        4       0
                text3                                FA       FA        6        4       0
                text2                               104      104        4        4       0
                text1                               100      100        4        4       0
                text0                                52       52       54        4       0
                cstackCOMRAM                          1        1        7        1       1
                cinit                                F0       F0        A        4       0

TOTAL           Name                               Link     Load   Length     Space
        CLASS   STACK          

        CLASS   CODE           
                intcode                               8        8       46         0
                init                                 4E       4E        4         0
                reset_vec                             0        0        4         0
                text5                                A6       A6       30         0
                text4                                D6       D6       1A         0
                text3                                FA       FA        6         0
                text2                               104      104        4         0
                text1                               100      100        4         0
                text0                                52       52       54         0
                cinit                                F0       F0        A         0

        CLASS   CONST          

        CLASS   SMALLCONST     

        CLASS   MEDIUMCONST    

        CLASS   COMRAM         
                temp                                  8        8        1         1
                cstackCOMRAM                          1        1        7         1

        CLASS   ABS1           

        CLASS   BIGRAM         

        CLASS   RAM            

        CLASS   BANK0          

        CLASS   BANK1          

        CLASS   BANK2          

        CLASS   BANK3          

        CLASS   BANK4          

        CLASS   BANK5          

        CLASS   BANK6          

        CLASS   BANK7          

        CLASS   BANK8          

        CLASS   BANK9          

        CLASS   BANK10         

        CLASS   BANK11         

        CLASS   BANK12         

        CLASS   BANK13         

        CLASS   SFR            

        CLASS   CONFIG         
                config                           300000   300000        C         4

        CLASS   IDLOC          
                idloc                            200000   200000       10         5

        CLASS   EEDATA         

        CLASS   FARRAM         



SEGMENTS        Name                           Load    Length   Top    Selector   Space  Class

                reset_vec                      000000  000004  000004         0       0  CODE    
                cstackCOMRAM                   000001  000008  000009         1       1  COMRAM  
                intcode                        000008  000100  000108         4       0  CODE    


UNUSED ADDRESS RANGES

        Name                Unused          Largest block    Delta
        BANK0            000060-0000FF               A0
        BANK1            000100-0001FF              100
        BANK10           000A00-000AFF              100
        BANK11           000B00-000BFF              100
        BANK12           000C00-000CFF              100
        BANK13           000D00-000DE9               EA
        BANK2            000200-0002FF              100
        BANK3            000300-0003FF              100
        BANK4            000400-0004FF              100
        BANK5            000500-0005FF              100
        BANK6            000600-0006FF              100
        BANK7            000700-0007FF              100
        BANK8            000800-0008FF              100
        BANK9            000900-0009FF              100
        BIGRAM           000009-000DE9              DE1
        CODE             000004-000007                4
                         000108-01FFFF            1FEF8
        COMRAM           000009-00005F               57
        CONST            000004-000007                4
                         000108-01FFFF            1FEF8
        EEDATA           310000-3103FF              400
        MEDIUMCONST      000E00-00FFFF             F200
                         010E00-01FFFF             F200
        RAM              000060-000DE9              100
        SFR              000DEF-000FFF              100
        SMALLCONST       000E00-01FFFF              100
        STACK            000060-000DE9              D8A

                                  Symbol Table

?_ADC_getval             cstackCOMRAM 000002
ADC_getval@tmpval        cstackCOMRAM 000004
_ADCON0bits              (abs)        000F60
_ADC_getval              text5        0000A6
_ADC_init                text4        0000D6
_ADPCH                   (abs)        000F5F
_ADREFbits               (abs)        000F58
_ADRESH                  (abs)        000F64
_ANSELAbits              (abs)        000E92
_CM1CON0bits             (abs)        000ED0
_CM1CON1bits             (abs)        000ED1
_CM1NCHbits              (abs)        000ED2
_CM1PCHbits              (abs)        000ED3
_DAC1CON0bits            (abs)        000EC6
_DAC1CON1bits            (abs)        000EC7
_HighISR                 intcode      000008
_INTCONbits              (abs)        000FF2
_LATAbits                (abs)        000F79
_LATBbits                (abs)        000F7A
_LATFbits                (abs)        000F7E
_LATGbits                (abs)        000F7F
_LATHbits                (abs)        000F80
_PIE0bits                (abs)        000E29
_PIE2bits                (abs)        000E2B
_PIR0bits                (abs)        000E33
_TMR0H                   (abs)        000FD4
_TMR0L                   (abs)        000FD3
_TRISAbits               (abs)        000F81
_TRISBbits               (abs)        000F82
_TRISFbits               (abs)        000F86
_TRISGbits               (abs)        000F87
_TRISHbits               (abs)        000F88
__HRAM                   (abs)        000000
__Habs1                  abs1         000000
__Hbank0                 bank0        000000
__Hbank1                 bank1        000000
__Hbank10                bank10       000000
__Hbank11                bank11       000000
__Hbank12                bank12       000000
__Hbank13                bank13       000000
__Hbank2                 bank2        000000
__Hbank3                 bank3        000000
__Hbank4                 bank4        000000
__Hbank5                 bank5        000000
__Hbank6                 bank6        000000
__Hbank7                 bank7        000000
__Hbank8                 bank8        000000
__Hbank9                 bank9        000000
__Hbigbss                bigbss       000000
__Hbigdata               bigdata      000000
__Hbigram                bigram       000000
__Hbss                   bss          000000
__Hcinit                 cinit        000000
__Hclrtext               clrtext      000000
__Hcomram                comram       000000
__Hconfig                config       30000C
__Hconst                 const        000000
__HcstackCOMRAM          cstackCOMRAM 000000
__Hdata                  data         000000
__Heeprom_data           eeprom_data  000000
__Hfarbss                farbss       000000
__Hfardata               fardata      000000
__Hibigdata              ibigdata     000000
__Hidata                 idata        000000
__Hidloc                 idloc        200010
__Hifardata              ifardata     000000
__Hinit                  init         000052
__Hintcode               intcode      00004E
__Hintcode_body          intcode_body 000000
__Hintcodelo             intcodelo    00004E
__Hintentry              intentry     000000
__Hintret                intret       000000
__Hintsave_regs          intsave_regs 000000
__Hirdata                irdata       000000
__Hmediumconst           mediumconst  000000
__HnvFARRAM              nvFARRAM     000000
__Hnvbit                 nvbit        000000
__Hnvrram                nvrram       000000
__Hparam                 rparam       000000
__Hpowerup               powerup      00004E
__Hram                   ram          000000
__Hramtop                ramtop       000E00
__Hrbit                  rbit         000000
__Hrbss                  rbss         000000
__Hrdata                 rdata        000000
__Hreset_vec             reset_vec    000004
__Hrparam                rparam       000000
__Hsfr                   sfr          000000
__Hsmallconst            smallconst   000000
__Hspace_0               (abs)        000E00
__Hspace_1               (abs)        000009
__Hspace_2               (abs)        000000
__Hspace_4               (abs)        60000C
__Hstack                 stack        000000
__Hstruct                struct       000000
__Htemp                  temp         000009
__Htext                  text         000000
__Htext0                 text0        000000
__Htext1                 text1        000000
__Htext2                 text2        000000
__Htext3                 text3        000000
__Htext4                 text4        000000
__Htext5                 text5        000000
__LRAM                   (abs)        000001
__Labs1                  abs1         000000
__Lbank0                 bank0        000000
__Lbank1                 bank1        000000
__Lbank10                bank10       000000
__Lbank11                bank11       000000
__Lbank12                bank12       000000
__Lbank13                bank13       000000
__Lbank2                 bank2        000000
__Lbank3                 bank3        000000
__Lbank4                 bank4        000000
__Lbank5                 bank5        000000
__Lbank6                 bank6        000000
__Lbank7                 bank7        000000
__Lbank8                 bank8        000000
__Lbank9                 bank9        000000
__Lbigbss                bigbss       000000
__Lbigdata               bigdata      000000
__Lbigram                bigram       000000
__Lbss                   bss          000000
__Lcinit                 cinit        000000
__Lclrtext               clrtext      000000
__Lcomram                comram       000000
__Lconfig                config       000000
__Lconst                 const        000000
__LcstackCOMRAM          cstackCOMRAM 000000
__Ldata                  data         000000
__Leeprom_data           eeprom_data  000000
__Lfarbss                farbss       000000
__Lfardata               fardata      000000
__Libigdata              ibigdata     000000
__Lidata                 idata        000000
__Lidloc                 idloc        000000
__Lifardata              ifardata     000000
__Linit                  init         00004E
__Lintcode               intcode      000008
__Lintcode_body          intcode_body 000000
__Lintcodelo             intcodelo    00004E
__Lintentry              intentry     000000
__Lintret                intret       000000
__Lintsave_regs          intsave_regs 000000
__Lirdata                irdata       000000
__Lmediumconst           mediumconst  000000
__LnvFARRAM              nvFARRAM     000000
__Lnvbit                 nvbit        000000
__Lnvrram                nvrram       000000
__Lparam                 rparam       000000
__Lpowerup               powerup      00004E
__Lram                   ram          000000
__Lramtop                ramtop       000E00
__Lrbit                  rbit         000000
__Lrbss                  rbss         000000
__Lrdata                 rdata        000000
__Lreset_vec             reset_vec    000000
__Lrparam                rparam       000000
__Lsfr                   sfr          000000
__Lsmallconst            smallconst   000000
__Lspace_0               (abs)        000000
__Lspace_1               (abs)        000000
__Lspace_2               (abs)        000000
__Lspace_4               (abs)        000000
__Lstack                 stack        000000
__Lstruct                struct       000000
__Ltemp                  temp         000008
__Ltext                  text         000000
__Ltext0                 text0        000000
__Ltext1                 text1        000000
__Ltext2                 text2        000000
__Ltext3                 text3        000000
__Ltext4                 text4        000000
__Ltext5                 text5        000000
__S0                     (abs)        000108
__S1                     (abs)        000009
__S2                     (abs)        000000
__S4                     (abs)        000000
__S5                     (abs)        000000
___inthi_sp              stack        000000
___intlo_sp              stack        000000
___param_bank            (abs)        000000
___rparam_used           (abs)        000001
___sp                    stack        000000
__accesstop              (abs)        000060
__activetblptr           (abs)        000000
__end_of_ADC_getval      text5        0000D6
__end_of_ADC_init        text4        0000F0
__end_of_HighISR         intcode      00004E
__end_of__initialization cinit        0000F0
__end_of_led_init        text3        000100
__end_of_led_off         text2        000108
__end_of_led_on          text1        000104
__end_of_main            text0        0000A6
__initialization         cinit        0000F0
__mediumconst            mediumconst  000000
__pcinit                 cinit        0000F0
__pcstackCOMRAM          cstackCOMRAM 000001
__pintcode               intcode      000008
__ptext0                 text0        000052
__ptext1                 text1        000100
__ptext2                 text2        000104
__ptext3                 text3        0000FA
__ptext4                 text4        0000D6
__ptext5                 text5        0000A6
__ramtop                 ramtop       000E00
__size_of_ADC_getval     (abs)        000000
__size_of_ADC_init       (abs)        000000
__size_of_HighISR        (abs)        000000
__size_of_led_init       (abs)        000000
__size_of_led_off        (abs)        000000
__size_of_led_on         (abs)        000000
__size_of_main           (abs)        000000
__smallconst             smallconst   000000
_led_init                text3        0000FA
_led_off                 text2        000104
_led_on                  text1        000100
_main                    text0        000052
btemp                    temp         000008
end_of_initialization    cinit        0000F0
int$flags                temp         000008
intlevel0                text         000000
intlevel1                text         000000
intlevel2                text         000000
intlevel3                text         000000
isa$std                  (abs)        000001
isa$xinst                (abs)        000000
main@LDRoutput           cstackCOMRAM 000006
stackhi                  (abs)        000DE9
stacklo                  (abs)        000060
start                    init         00004E
start_initialization     cinit        0000F0
ttemp5                   temp         000009
ttemp6                   temp         00000C
ttemp7                   temp         000010
wtemp8                   temp         000009


MODULE INFORMATION

Module		Function		Class		Link	Load	Size
interrupts.c
		_HighISR       		CODE           	0008	0000	70

interrupts.c estimated size: 70

shared
		__initialization		CODE           	00F0	0000	1

shared estimated size: 1

ADC.c
		_ADC_init      		CODE           	00D6	0000	26
		_ADC_getval    		CODE           	00A6	0000	48

ADC.c estimated size: 74

main.c
		_main          		CODE           	0052	0000	84

main.c estimated size: 84

led.c
		_led_init      		CODE           	00FA	0000	6
		_led_off       		CODE           	0104	0000	4
		_led_on        		CODE           	0100	0000	4

led.c estimated size: 14

